-- Found ament_cmake: 1.3.13 (/opt/ros/humble/share/ament_cmake/cmake)
-- Override CMake install command with custom implementation using symlinks instead of copying resources
-- Found rclcpp: 16.0.19 (/opt/ros/humble/share/rclcpp/cmake)
-- Found rosidl_generator_c: 3.1.8 (/opt/ros/humble/share/rosidl_generator_c/cmake)
-- Found rosidl_adapter: 3.1.8 (/opt/ros/humble/share/rosidl_adapter/cmake)
-- Found rosidl_generator_cpp: 3.1.8 (/opt/ros/humble/share/rosidl_generator_cpp/cmake)
-- Using all available rosidl_typesupport_c: rosidl_typesupport_fastrtps_c;rosidl_typesupport_introspection_c
-- Using all available rosidl_typesupport_cpp: rosidl_typesupport_fastrtps_cpp;rosidl_typesupport_introspection_cpp
-- Found rmw_implementation_cmake: 6.1.2 (/opt/ros/humble/share/rmw_implementation_cmake/cmake)
-- Found rmw_fastrtps_cpp: 6.2.10 (/opt/ros/humble/share/rmw_fastrtps_cpp/cmake)
-- Using RMW implementation 'rmw_fastrtps_cpp' as default
-- Found rosbag2_cpp: 0.15.16 (/opt/ros/humble/share/rosbag2_cpp/cmake)
-- Found sensor_msgs: 4.9.1 (/opt/ros/humble/share/sensor_msgs/cmake)
-- Found pcl_conversions: 2.4.5 (/opt/ros/humble/share/pcl_conversions/cmake)
-- Eigen found (include: /usr/include/eigen3, version: 3.4.0)
-- FLANN found (include: /usr/include, lib: /usr/lib/x86_64-linux-gnu/libflann_cpp.so)
-- OpenNI found (version: 1.5.4.0, include: /usr/include/ni, lib: /usr/lib/libOpenNI.so;libusb::libusb)
-- OpenNI2 found (version: 2.2.0.33, include: /usr/include/openni2, lib: /usr/lib/x86_64-linux-gnu/libOpenNI2.so;libusb::libusb)
-- Eigen found (include: /usr/include/eigen3, version: 3.4.0)
-- OpenNI found (version: 1.5.4.0, include: /usr/include/ni, lib: /usr/lib/libOpenNI.so;libusb::libusb)
-- OpenNI2 found (version: 2.2.0.33, include: /usr/include/openni2, lib: /usr/lib/x86_64-linux-gnu/libOpenNI2.so;libusb::libusb)
-- Found Qhull version 8.0.2
-- OpenNI found (version: 1.5.4.0, include: /usr/include/ni, lib: /usr/lib/libOpenNI.so;libusb::libusb)
-- Found pcl_ros: 2.4.5 (/opt/ros/humble/share/pcl_ros/cmake)
-- Found eigen3_cmake_module: 0.1.1 (/opt/ros/humble/share/eigen3_cmake_module/cmake)
-- Ensuring Eigen3 include directory is part of orocos-kdl CMake target
-- Found cv_bridge: 3.2.1 (/opt/ros/humble/share/cv_bridge/cmake)
-- Found nav_msgs: 4.9.1 (/opt/ros/humble/share/nav_msgs/cmake)
-- Configuring done
-- Generating done
-- Build files have been written to: /home/ori/biaoding_in_out/ros2_bag_exporter/build/ros2_bag_exporter
[35m[1mConsolidate compiler generated dependencies of target bag_exporter[0m
[100%] Built target bag_exporter
-- Install configuration: ""
-- Execute custom install script
-- Up-to-date symlink: /home/ori/biaoding_in_out/ros2_bag_exporter/install/ros2_bag_exporter/lib/ros2_bag_exporter/bag_exporter
-- Up-to-date symlink: /home/ori/biaoding_in_out/ros2_bag_exporter/install/ros2_bag_exporter/include//rosbag2_exporter/bag_exporter.hpp
-- Up-to-date symlink: /home/ori/biaoding_in_out/ros2_bag_exporter/install/ros2_bag_exporter/include//rosbag2_exporter/handlers/base_handler.hpp
-- Up-to-date symlink: /home/ori/biaoding_in_out/ros2_bag_exporter/install/ros2_bag_exporter/include//rosbag2_exporter/handlers/compressed_image_handler.hpp
-- Up-to-date symlink: /home/ori/biaoding_in_out/ros2_bag_exporter/install/ros2_bag_exporter/include//rosbag2_exporter/handlers/depth_image_handler.hpp
-- Up-to-date symlink: /home/ori/biaoding_in_out/ros2_bag_exporter/install/ros2_bag_exporter/include//rosbag2_exporter/handlers/gps_handler.hpp
-- Up-to-date symlink: /home/ori/biaoding_in_out/ros2_bag_exporter/install/ros2_bag_exporter/include//rosbag2_exporter/handlers/image_handler.hpp
-- Up-to-date symlink: /home/ori/biaoding_in_out/ros2_bag_exporter/install/ros2_bag_exporter/include//rosbag2_exporter/handlers/imu_handler.hpp
-- Up-to-date symlink: /home/ori/biaoding_in_out/ros2_bag_exporter/install/ros2_bag_exporter/include//rosbag2_exporter/handlers/ir_image_handler.hpp
-- Up-to-date symlink: /home/ori/biaoding_in_out/ros2_bag_exporter/install/ros2_bag_exporter/include//rosbag2_exporter/handlers/laser_scan_handler.hpp
-- Up-to-date symlink: /home/ori/biaoding_in_out/ros2_bag_exporter/install/ros2_bag_exporter/include//rosbag2_exporter/handlers/odometry_handler.hpp
-- Up-to-date symlink: /home/ori/biaoding_in_out/ros2_bag_exporter/install/ros2_bag_exporter/include//rosbag2_exporter/handlers/path_handler.hpp
-- Up-to-date symlink: /home/ori/biaoding_in_out/ros2_bag_exporter/install/ros2_bag_exporter/include//rosbag2_exporter/handlers/pointcloud_handler.hpp
-- Up-to-date symlink: /home/ori/biaoding_in_out/ros2_bag_exporter/install/ros2_bag_exporter/share/ros2_bag_exporter//exporter_config.yaml
-- Up-to-date symlink: /home/ori/biaoding_in_out/ros2_bag_exporter/install/ros2_bag_exporter/share/ament_index/resource_index/package_run_dependencies/ros2_bag_exporter
-- Up-to-date symlink: /home/ori/biaoding_in_out/ros2_bag_exporter/install/ros2_bag_exporter/share/ament_index/resource_index/parent_prefix_path/ros2_bag_exporter
-- Up-to-date symlink: /home/ori/biaoding_in_out/ros2_bag_exporter/install/ros2_bag_exporter/share/ros2_bag_exporter/environment/ament_prefix_path.sh
-- Up-to-date symlink: /home/ori/biaoding_in_out/ros2_bag_exporter/install/ros2_bag_exporter/share/ros2_bag_exporter/environment/ament_prefix_path.dsv
-- Up-to-date symlink: /home/ori/biaoding_in_out/ros2_bag_exporter/install/ros2_bag_exporter/share/ros2_bag_exporter/environment/path.sh
-- Up-to-date symlink: /home/ori/biaoding_in_out/ros2_bag_exporter/install/ros2_bag_exporter/share/ros2_bag_exporter/environment/path.dsv
-- Up-to-date symlink: /home/ori/biaoding_in_out/ros2_bag_exporter/install/ros2_bag_exporter/share/ros2_bag_exporter/local_setup.bash
-- Up-to-date symlink: /home/ori/biaoding_in_out/ros2_bag_exporter/install/ros2_bag_exporter/share/ros2_bag_exporter/local_setup.sh
-- Up-to-date symlink: /home/ori/biaoding_in_out/ros2_bag_exporter/install/ros2_bag_exporter/share/ros2_bag_exporter/local_setup.zsh
-- Up-to-date symlink: /home/ori/biaoding_in_out/ros2_bag_exporter/install/ros2_bag_exporter/share/ros2_bag_exporter/local_setup.dsv
-- Symlinking: /home/ori/biaoding_in_out/ros2_bag_exporter/install/ros2_bag_exporter/share/ros2_bag_exporter/package.dsv
-- Up-to-date symlink: /home/ori/biaoding_in_out/ros2_bag_exporter/install/ros2_bag_exporter/share/ament_index/resource_index/packages/ros2_bag_exporter
-- Up-to-date symlink: /home/ori/biaoding_in_out/ros2_bag_exporter/install/ros2_bag_exporter/share/ros2_bag_exporter/cmake/ros2_bag_exporterConfig.cmake
-- Up-to-date symlink: /home/ori/biaoding_in_out/ros2_bag_exporter/install/ros2_bag_exporter/share/ros2_bag_exporter/cmake/ros2_bag_exporterConfig-version.cmake
-- Up-to-date symlink: /home/ori/biaoding_in_out/ros2_bag_exporter/install/ros2_bag_exporter/share/ros2_bag_exporter/package.xml
