[0.010s] Invoking command in '/home/ori/biaoding_in_out/ros2_bag_exporter/build/ros2_bag_exporter': CMAKE_PREFIX_PATH=${CMAKE_PREFIX_PATH}:/opt/ros/humble /usr/bin/cmake /home/ori/biaoding_in_out/ros2_bag_exporter -DCMAKE_INSTALL_PREFIX=/home/ori/biaoding_in_out/ros2_bag_exporter/install/ros2_bag_exporter
[0.049s] -- Found ament_cmake: 1.3.13 (/opt/ros/humble/share/ament_cmake/cmake)
[0.146s] -- Override CMake install command with custom implementation using symlinks instead of copying resources
[0.158s] -- Found rclcpp: 16.0.19 (/opt/ros/humble/share/rclcpp/cmake)
[0.186s] -- Found rosidl_generator_c: 3.1.8 (/opt/ros/humble/share/rosidl_generator_c/cmake)
[0.188s] -- Found rosidl_adapter: 3.1.8 (/opt/ros/humble/share/rosidl_adapter/cmake)
[0.194s] -- Found rosidl_generator_cpp: 3.1.8 (/opt/ros/humble/share/rosidl_generator_cpp/cmake)
[0.201s] -- Using all available rosidl_typesupport_c: rosidl_typesupport_fastrtps_c;rosidl_typesupport_introspection_c
[0.210s] -- Using all available rosidl_typesupport_cpp: rosidl_typesupport_fastrtps_cpp;rosidl_typesupport_introspection_cpp
[0.237s] -- Found rmw_implementation_cmake: 6.1.2 (/opt/ros/humble/share/rmw_implementation_cmake/cmake)
[0.238s] -- Found rmw_fastrtps_cpp: 6.2.10 (/opt/ros/humble/share/rmw_fastrtps_cpp/cmake)
[0.315s] -- Using RMW implementation 'rmw_fastrtps_cpp' as default
[0.359s] -- Found rosbag2_cpp: 0.15.16 (/opt/ros/humble/share/rosbag2_cpp/cmake)
[0.375s] -- Found sensor_msgs: 4.9.1 (/opt/ros/humble/share/sensor_msgs/cmake)
[0.396s] -- Found pcl_conversions: 2.4.5 (/opt/ros/humble/share/pcl_conversions/cmake)
[0.423s] -- Eigen found (include: /usr/include/eigen3, version: 3.4.0)
[0.451s] -- FLANN found (include: /usr/include, lib: /usr/lib/x86_64-linux-gnu/libflann_cpp.so)
[0.807s] -- OpenNI found (version: 1.5.4.0, include: /usr/include/ni, lib: /usr/lib/libOpenNI.so;libusb::libusb)
[0.812s] -- OpenNI2 found (version: 2.2.0.33, include: /usr/include/openni2, lib: /usr/lib/x86_64-linux-gnu/libOpenNI2.so;libusb::libusb)
[0.903s] -- Eigen found (include: /usr/include/eigen3, version: 3.4.0)
[0.907s] -- OpenNI found (version: 1.5.4.0, include: /usr/include/ni, lib: /usr/lib/libOpenNI.so;libusb::libusb)
[0.912s] -- OpenNI2 found (version: 2.2.0.33, include: /usr/include/openni2, lib: /usr/lib/x86_64-linux-gnu/libOpenNI2.so;libusb::libusb)
[1.008s] -- Found Qhull version 8.0.2
[1.100s] -- OpenNI found (version: 1.5.4.0, include: /usr/include/ni, lib: /usr/lib/libOpenNI.so;libusb::libusb)
[1.188s] -- Found pcl_ros: 2.4.5 (/opt/ros/humble/share/pcl_ros/cmake)
[1.199s] -- Found eigen3_cmake_module: 0.1.1 (/opt/ros/humble/share/eigen3_cmake_module/cmake)
[1.200s] -- Ensuring Eigen3 include directory is part of orocos-kdl CMake target
[1.263s] -- Found cv_bridge: 3.2.1 (/opt/ros/humble/share/cv_bridge/cmake)
[1.278s] -- Found nav_msgs: 4.9.1 (/opt/ros/humble/share/nav_msgs/cmake)
[1.352s] -- Configuring done
[1.409s] -- Generating done
[1.415s] -- Build files have been written to: /home/ori/biaoding_in_out/ros2_bag_exporter/build/ros2_bag_exporter
[1.425s] Invoked command in '/home/ori/biaoding_in_out/ros2_bag_exporter/build/ros2_bag_exporter' returned '0': CMAKE_PREFIX_PATH=${CMAKE_PREFIX_PATH}:/opt/ros/humble /usr/bin/cmake /home/ori/biaoding_in_out/ros2_bag_exporter -DCMAKE_INSTALL_PREFIX=/home/ori/biaoding_in_out/ros2_bag_exporter/install/ros2_bag_exporter
[1.427s] Invoking command in '/home/ori/biaoding_in_out/ros2_bag_exporter/build/ros2_bag_exporter': CMAKE_PREFIX_PATH=${CMAKE_PREFIX_PATH}:/opt/ros/humble /usr/bin/cmake --build /home/ori/biaoding_in_out/ros2_bag_exporter/build/ros2_bag_exporter -- -j20 -l20
[1.471s] [35m[1mConsolidate compiler generated dependencies of target bag_exporter[0m
[1.548s] [100%] Built target bag_exporter
[1.562s] Invoked command in '/home/ori/biaoding_in_out/ros2_bag_exporter/build/ros2_bag_exporter' returned '0': CMAKE_PREFIX_PATH=${CMAKE_PREFIX_PATH}:/opt/ros/humble /usr/bin/cmake --build /home/ori/biaoding_in_out/ros2_bag_exporter/build/ros2_bag_exporter -- -j20 -l20
[1.575s] Invoking command in '/home/ori/biaoding_in_out/ros2_bag_exporter/build/ros2_bag_exporter': CMAKE_PREFIX_PATH=${CMAKE_PREFIX_PATH}:/opt/ros/humble /usr/bin/cmake --install /home/ori/biaoding_in_out/ros2_bag_exporter/build/ros2_bag_exporter
[1.583s] -- Install configuration: ""
[1.584s] -- Execute custom install script
[1.584s] -- Up-to-date symlink: /home/ori/biaoding_in_out/ros2_bag_exporter/install/ros2_bag_exporter/lib/ros2_bag_exporter/bag_exporter
[1.585s] -- Up-to-date symlink: /home/ori/biaoding_in_out/ros2_bag_exporter/install/ros2_bag_exporter/include//rosbag2_exporter/bag_exporter.hpp
[1.585s] -- Up-to-date symlink: /home/ori/biaoding_in_out/ros2_bag_exporter/install/ros2_bag_exporter/include//rosbag2_exporter/handlers/base_handler.hpp
[1.586s] -- Up-to-date symlink: /home/ori/biaoding_in_out/ros2_bag_exporter/install/ros2_bag_exporter/include//rosbag2_exporter/handlers/compressed_image_handler.hpp
[1.586s] -- Up-to-date symlink: /home/ori/biaoding_in_out/ros2_bag_exporter/install/ros2_bag_exporter/include//rosbag2_exporter/handlers/depth_image_handler.hpp
[1.586s] -- Up-to-date symlink: /home/ori/biaoding_in_out/ros2_bag_exporter/install/ros2_bag_exporter/include//rosbag2_exporter/handlers/gps_handler.hpp
[1.586s] -- Up-to-date symlink: /home/ori/biaoding_in_out/ros2_bag_exporter/install/ros2_bag_exporter/include//rosbag2_exporter/handlers/image_handler.hpp
[1.587s] -- Up-to-date symlink: /home/ori/biaoding_in_out/ros2_bag_exporter/install/ros2_bag_exporter/include//rosbag2_exporter/handlers/imu_handler.hpp
[1.587s] -- Up-to-date symlink: /home/ori/biaoding_in_out/ros2_bag_exporter/install/ros2_bag_exporter/include//rosbag2_exporter/handlers/ir_image_handler.hpp
[1.587s] -- Up-to-date symlink: /home/ori/biaoding_in_out/ros2_bag_exporter/install/ros2_bag_exporter/include//rosbag2_exporter/handlers/laser_scan_handler.hpp
[1.588s] -- Up-to-date symlink: /home/ori/biaoding_in_out/ros2_bag_exporter/install/ros2_bag_exporter/include//rosbag2_exporter/handlers/odometry_handler.hpp
[1.588s] -- Up-to-date symlink: /home/ori/biaoding_in_out/ros2_bag_exporter/install/ros2_bag_exporter/include//rosbag2_exporter/handlers/path_handler.hpp
[1.588s] -- Up-to-date symlink: /home/ori/biaoding_in_out/ros2_bag_exporter/install/ros2_bag_exporter/include//rosbag2_exporter/handlers/pointcloud_handler.hpp
[1.589s] -- Up-to-date symlink: /home/ori/biaoding_in_out/ros2_bag_exporter/install/ros2_bag_exporter/share/ros2_bag_exporter//exporter_config.yaml
[1.590s] -- Up-to-date symlink: /home/ori/biaoding_in_out/ros2_bag_exporter/install/ros2_bag_exporter/share/ament_index/resource_index/package_run_dependencies/ros2_bag_exporter
[1.590s] -- Up-to-date symlink: /home/ori/biaoding_in_out/ros2_bag_exporter/install/ros2_bag_exporter/share/ament_index/resource_index/parent_prefix_path/ros2_bag_exporter
[1.590s] -- Up-to-date symlink: /home/ori/biaoding_in_out/ros2_bag_exporter/install/ros2_bag_exporter/share/ros2_bag_exporter/environment/ament_prefix_path.sh
[1.590s] -- Up-to-date symlink: /home/ori/biaoding_in_out/ros2_bag_exporter/install/ros2_bag_exporter/share/ros2_bag_exporter/environment/ament_prefix_path.dsv
[1.591s] -- Up-to-date symlink: /home/ori/biaoding_in_out/ros2_bag_exporter/install/ros2_bag_exporter/share/ros2_bag_exporter/environment/path.sh
[1.591s] -- Up-to-date symlink: /home/ori/biaoding_in_out/ros2_bag_exporter/install/ros2_bag_exporter/share/ros2_bag_exporter/environment/path.dsv
[1.591s] -- Up-to-date symlink: /home/ori/biaoding_in_out/ros2_bag_exporter/install/ros2_bag_exporter/share/ros2_bag_exporter/local_setup.bash
[1.591s] -- Up-to-date symlink: /home/ori/biaoding_in_out/ros2_bag_exporter/install/ros2_bag_exporter/share/ros2_bag_exporter/local_setup.sh
[1.592s] -- Up-to-date symlink: /home/ori/biaoding_in_out/ros2_bag_exporter/install/ros2_bag_exporter/share/ros2_bag_exporter/local_setup.zsh
[1.592s] -- Up-to-date symlink: /home/ori/biaoding_in_out/ros2_bag_exporter/install/ros2_bag_exporter/share/ros2_bag_exporter/local_setup.dsv
[1.592s] -- Symlinking: /home/ori/biaoding_in_out/ros2_bag_exporter/install/ros2_bag_exporter/share/ros2_bag_exporter/package.dsv
[1.603s] -- Up-to-date symlink: /home/ori/biaoding_in_out/ros2_bag_exporter/install/ros2_bag_exporter/share/ament_index/resource_index/packages/ros2_bag_exporter
[1.603s] -- Up-to-date symlink: /home/ori/biaoding_in_out/ros2_bag_exporter/install/ros2_bag_exporter/share/ros2_bag_exporter/cmake/ros2_bag_exporterConfig.cmake
[1.603s] -- Up-to-date symlink: /home/ori/biaoding_in_out/ros2_bag_exporter/install/ros2_bag_exporter/share/ros2_bag_exporter/cmake/ros2_bag_exporterConfig-version.cmake
[1.603s] -- Up-to-date symlink: /home/ori/biaoding_in_out/ros2_bag_exporter/install/ros2_bag_exporter/share/ros2_bag_exporter/package.xml
[1.605s] Invoked command in '/home/ori/biaoding_in_out/ros2_bag_exporter/build/ros2_bag_exporter' returned '0': CMAKE_PREFIX_PATH=${CMAKE_PREFIX_PATH}:/opt/ros/humble /usr/bin/cmake --install /home/ori/biaoding_in_out/ros2_bag_exporter/build/ros2_bag_exporter
