[100%] Built target bag_exporter
-- Install configuration: ""
-- Execute custom install script
-- Up-to-date symlink: /home/ori/biaoding_in_out/ros2_bag_exporter/install/ros2_bag_exporter/lib/ros2_bag_exporter/bag_exporter
-- Up-to-date symlink: /home/ori/biaoding_in_out/ros2_bag_exporter/install/ros2_bag_exporter/include//rosbag2_exporter/bag_exporter.hpp
-- Up-to-date symlink: /home/ori/biaoding_in_out/ros2_bag_exporter/install/ros2_bag_exporter/include//rosbag2_exporter/handlers/base_handler.hpp
-- Up-to-date symlink: /home/ori/biaoding_in_out/ros2_bag_exporter/install/ros2_bag_exporter/include//rosbag2_exporter/handlers/compressed_image_handler.hpp
-- Up-to-date symlink: /home/ori/biaoding_in_out/ros2_bag_exporter/install/ros2_bag_exporter/include//rosbag2_exporter/handlers/depth_image_handler.hpp
-- Up-to-date symlink: /home/ori/biaoding_in_out/ros2_bag_exporter/install/ros2_bag_exporter/include//rosbag2_exporter/handlers/gps_handler.hpp
-- Up-to-date symlink: /home/ori/biaoding_in_out/ros2_bag_exporter/install/ros2_bag_exporter/include//rosbag2_exporter/handlers/image_handler.hpp
-- Up-to-date symlink: /home/ori/biaoding_in_out/ros2_bag_exporter/install/ros2_bag_exporter/include//rosbag2_exporter/handlers/imu_handler.hpp
-- Up-to-date symlink: /home/ori/biaoding_in_out/ros2_bag_exporter/install/ros2_bag_exporter/include//rosbag2_exporter/handlers/ir_image_handler.hpp
-- Up-to-date symlink: /home/ori/biaoding_in_out/ros2_bag_exporter/install/ros2_bag_exporter/include//rosbag2_exporter/handlers/laser_scan_handler.hpp
-- Up-to-date symlink: /home/ori/biaoding_in_out/ros2_bag_exporter/install/ros2_bag_exporter/include//rosbag2_exporter/handlers/odometry_handler.hpp
-- Up-to-date symlink: /home/ori/biaoding_in_out/ros2_bag_exporter/install/ros2_bag_exporter/include//rosbag2_exporter/handlers/path_handler.hpp
-- Up-to-date symlink: /home/ori/biaoding_in_out/ros2_bag_exporter/install/ros2_bag_exporter/include//rosbag2_exporter/handlers/pointcloud_handler.hpp
-- Up-to-date symlink: /home/ori/biaoding_in_out/ros2_bag_exporter/install/ros2_bag_exporter/share/ros2_bag_exporter//exporter_config.yaml
-- Up-to-date symlink: /home/ori/biaoding_in_out/ros2_bag_exporter/install/ros2_bag_exporter/share/ament_index/resource_index/package_run_dependencies/ros2_bag_exporter
-- Up-to-date symlink: /home/ori/biaoding_in_out/ros2_bag_exporter/install/ros2_bag_exporter/share/ament_index/resource_index/parent_prefix_path/ros2_bag_exporter
-- Up-to-date symlink: /home/ori/biaoding_in_out/ros2_bag_exporter/install/ros2_bag_exporter/share/ros2_bag_exporter/environment/ament_prefix_path.sh
-- Up-to-date symlink: /home/ori/biaoding_in_out/ros2_bag_exporter/install/ros2_bag_exporter/share/ros2_bag_exporter/environment/ament_prefix_path.dsv
-- Up-to-date symlink: /home/ori/biaoding_in_out/ros2_bag_exporter/install/ros2_bag_exporter/share/ros2_bag_exporter/environment/path.sh
-- Up-to-date symlink: /home/ori/biaoding_in_out/ros2_bag_exporter/install/ros2_bag_exporter/share/ros2_bag_exporter/environment/path.dsv
-- Up-to-date symlink: /home/ori/biaoding_in_out/ros2_bag_exporter/install/ros2_bag_exporter/share/ros2_bag_exporter/local_setup.bash
-- Up-to-date symlink: /home/ori/biaoding_in_out/ros2_bag_exporter/install/ros2_bag_exporter/share/ros2_bag_exporter/local_setup.sh
-- Up-to-date symlink: /home/ori/biaoding_in_out/ros2_bag_exporter/install/ros2_bag_exporter/share/ros2_bag_exporter/local_setup.zsh
-- Up-to-date symlink: /home/ori/biaoding_in_out/ros2_bag_exporter/install/ros2_bag_exporter/share/ros2_bag_exporter/local_setup.dsv
-- Symlinking: /home/ori/biaoding_in_out/ros2_bag_exporter/install/ros2_bag_exporter/share/ros2_bag_exporter/package.dsv
-- Up-to-date symlink: /home/ori/biaoding_in_out/ros2_bag_exporter/install/ros2_bag_exporter/share/ament_index/resource_index/packages/ros2_bag_exporter
-- Up-to-date symlink: /home/ori/biaoding_in_out/ros2_bag_exporter/install/ros2_bag_exporter/share/ros2_bag_exporter/cmake/ros2_bag_exporterConfig.cmake
-- Up-to-date symlink: /home/ori/biaoding_in_out/ros2_bag_exporter/install/ros2_bag_exporter/share/ros2_bag_exporter/cmake/ros2_bag_exporterConfig-version.cmake
-- Up-to-date symlink: /home/ori/biaoding_in_out/ros2_bag_exporter/install/ros2_bag_exporter/share/ros2_bag_exporter/package.xml
