[0.256s] [34mcolcon[0m [1;30mDEBUG[0m [32mCommand line arguments: ['/usr/bin/colcon', 'build', '--packages-select', 'ros2_bag_exporter'][0m
[0.256s] [34mcolcon[0m [1;30mDEBUG[0m [32mParsed command line arguments: Namespace(log_base=None, log_level=None, verb_name='build', build_base='build', install_base='install', merge_install=False, symlink_install=False, test_result_base=None, continue_on_error=False, executor='parallel', parallel_workers=20, event_handlers=None, ignore_user_meta=False, metas=['./colcon.meta'], base_paths=['.'], packages_ignore=None, packages_ignore_regex=None, paths=None, packages_up_to=None, packages_up_to_regex=None, packages_above=None, packages_above_and_dependencies=None, packages_above_depth=None, packages_select_by_dep=None, packages_skip_by_dep=None, packages_skip_up_to=None, packages_select_build_failed=False, packages_skip_build_finished=False, packages_select_test_failures=False, packages_skip_test_passed=False, packages_select=['ros2_bag_exporter'], packages_skip=None, packages_select_regex=None, packages_skip_regex=None, packages_start=None, packages_end=None, allow_overriding=[], cmake_args=None, cmake_target=None, cmake_target_skip_unavailable=False, cmake_clean_cache=False, cmake_clean_first=False, cmake_force_configure=False, ament_cmake_args=None, catkin_cmake_args=None, catkin_skip_building_tests=False, verb_parser=<colcon_defaults.argument_parser.defaults.DefaultArgumentsDecorator object at 0x740363040d00>, verb_extension=<colcon_core.verb.build.BuildVerb object at 0x740363136320>, main=<bound method BuildVerb.main of <colcon_core.verb.build.BuildVerb object at 0x740363136320>>)[0m
[0.429s] [34mcolcon.colcon_core.package_discovery[0m [1;30mLevel 1[0m discover_packages(colcon_meta) check parameters
[0.429s] [34mcolcon.colcon_core.package_discovery[0m [1;30mLevel 1[0m discover_packages(recursive) check parameters
[0.429s] [34mcolcon.colcon_core.package_discovery[0m [1;30mLevel 1[0m discover_packages(ignore) check parameters
[0.429s] [34mcolcon.colcon_core.package_discovery[0m [1;30mLevel 1[0m discover_packages(path) check parameters
[0.429s] [34mcolcon.colcon_core.package_discovery[0m [1;30mLevel 1[0m discover_packages(colcon_meta) discover
[0.429s] [34mcolcon.colcon_core.package_discovery[0m [1;30mLevel 1[0m discover_packages(recursive) discover
[0.429s] [34mcolcon.colcon_core.package_discovery[0m [1;30mINFO[0m Crawling recursively for packages in '/home/ori/biaoding_in_out/ros2_bag_exporter'
[0.429s] [34mcolcon.colcon_core.package_identification[0m [1;30mLevel 1[0m _identify(.) by extensions ['ignore', 'ignore_ament_install']
[0.429s] [34mcolcon.colcon_core.package_identification[0m [1;30mLevel 1[0m _identify(.) by extension 'ignore'
[0.429s] [34mcolcon.colcon_core.package_identification[0m [1;30mLevel 1[0m _identify(.) by extension 'ignore_ament_install'
[0.429s] [34mcolcon.colcon_core.package_identification[0m [1;30mLevel 1[0m _identify(.) by extensions ['colcon_pkg']
[0.429s] [34mcolcon.colcon_core.package_identification[0m [1;30mLevel 1[0m _identify(.) by extension 'colcon_pkg'
[0.429s] [34mcolcon.colcon_core.package_identification[0m [1;30mLevel 1[0m _identify(.) by extensions ['colcon_meta']
[0.429s] [34mcolcon.colcon_core.package_identification[0m [1;30mLevel 1[0m _identify(.) by extension 'colcon_meta'
[0.429s] [34mcolcon.colcon_core.package_identification[0m [1;30mLevel 1[0m _identify(.) by extensions ['ros']
[0.429s] [34mcolcon.colcon_core.package_identification[0m [1;30mLevel 1[0m _identify(.) by extension 'ros'
[0.445s] [34mcolcon.colcon_core.package_identification[0m [1;30mDEBUG[0m [32mPackage '.' with type 'ros.ament_cmake' and name 'ros2_bag_exporter'[0m
[0.445s] [34mcolcon.colcon_core.package_discovery[0m [1;30mLevel 1[0m discover_packages(recursive) using defaults
[0.445s] [34mcolcon.colcon_core.package_discovery[0m [1;30mLevel 1[0m discover_packages(ignore) discover
[0.445s] [34mcolcon.colcon_core.package_discovery[0m [1;30mLevel 1[0m discover_packages(ignore) using defaults
[0.445s] [34mcolcon.colcon_core.package_discovery[0m [1;30mLevel 1[0m discover_packages(path) discover
[0.445s] [34mcolcon.colcon_core.package_discovery[0m [1;30mLevel 1[0m discover_packages(path) using defaults
[0.459s] [34mcolcon.colcon_core.package_discovery[0m [1;30mLevel 1[0m discover_packages(prefix_path) check parameters
[0.459s] [34mcolcon.colcon_core.package_discovery[0m [1;30mLevel 1[0m discover_packages(prefix_path) discover
[0.462s] [34mcolcon.colcon_installed_package_information.package_discovery[0m [1;30mDEBUG[0m [32mFound 2 installed packages in /home/ori/SDK/gongji_ros2/install[0m
[0.462s] [34mcolcon.colcon_installed_package_information.package_discovery[0m [1;30mDEBUG[0m [32mFound 1 installed packages in /home/ori/SDK/HesaiLidar_ROS_2.0/install[0m
[0.462s] [34mcolcon.colcon_installed_package_information.package_discovery[0m [1;30mDEBUG[0m [32mFound 288 installed packages in /opt/ros/humble[0m
[0.464s] [34mcolcon.colcon_core.package_discovery[0m [1;30mLevel 1[0m discover_packages(prefix_path) using defaults
[0.485s] [34mcolcon.colcon_core.verb[0m [1;30mLevel 5[0m set package 'ros2_bag_exporter' build argument 'cmake_args' from command line to 'None'
[0.485s] [34mcolcon.colcon_core.verb[0m [1;30mLevel 5[0m set package 'ros2_bag_exporter' build argument 'cmake_target' from command line to 'None'
[0.485s] [34mcolcon.colcon_core.verb[0m [1;30mLevel 5[0m set package 'ros2_bag_exporter' build argument 'cmake_target_skip_unavailable' from command line to 'False'
[0.485s] [34mcolcon.colcon_core.verb[0m [1;30mLevel 5[0m set package 'ros2_bag_exporter' build argument 'cmake_clean_cache' from command line to 'False'
[0.485s] [34mcolcon.colcon_core.verb[0m [1;30mLevel 5[0m set package 'ros2_bag_exporter' build argument 'cmake_clean_first' from command line to 'False'
[0.485s] [34mcolcon.colcon_core.verb[0m [1;30mLevel 5[0m set package 'ros2_bag_exporter' build argument 'cmake_force_configure' from command line to 'False'
[0.485s] [34mcolcon.colcon_core.verb[0m [1;30mLevel 5[0m set package 'ros2_bag_exporter' build argument 'ament_cmake_args' from command line to 'None'
[0.485s] [34mcolcon.colcon_core.verb[0m [1;30mLevel 5[0m set package 'ros2_bag_exporter' build argument 'catkin_cmake_args' from command line to 'None'
[0.485s] [34mcolcon.colcon_core.verb[0m [1;30mLevel 5[0m set package 'ros2_bag_exporter' build argument 'catkin_skip_building_tests' from command line to 'False'
[0.485s] [34mcolcon.colcon_core.verb[0m [1;30mDEBUG[0m [32mBuilding package 'ros2_bag_exporter' with the following arguments: {'ament_cmake_args': None, 'build_base': '/home/ori/biaoding_in_out/ros2_bag_exporter/build/ros2_bag_exporter', 'catkin_cmake_args': None, 'catkin_skip_building_tests': False, 'cmake_args': None, 'cmake_clean_cache': False, 'cmake_clean_first': False, 'cmake_force_configure': False, 'cmake_target': None, 'cmake_target_skip_unavailable': False, 'install_base': '/home/ori/biaoding_in_out/ros2_bag_exporter/install/ros2_bag_exporter', 'merge_install': False, 'path': '/home/ori/biaoding_in_out/ros2_bag_exporter', 'symlink_install': False, 'test_result_base': None}[0m
[0.485s] [34mcolcon.colcon_core.executor[0m [1;30mINFO[0m Executing jobs using 'parallel' executor
[0.486s] [34mcolcon.colcon_parallel_executor.executor.parallel[0m [1;30mDEBUG[0m [32mrun_until_complete[0m
[0.486s] [34mcolcon.colcon_ros.task.ament_cmake.build[0m [1;30mINFO[0m Building ROS package in '/home/ori/biaoding_in_out/ros2_bag_exporter' with build type 'ament_cmake'
[0.486s] [34mcolcon.colcon_cmake.task.cmake.build[0m [1;30mINFO[0m Building CMake package in '/home/ori/biaoding_in_out/ros2_bag_exporter'
[0.490s] [34mcolcon.colcon_core.plugin_system[0m [1;30mINFO[0m Skipping extension 'colcon_core.shell.bat': Not used on non-Windows systems
[0.491s] [34mcolcon.colcon_core.shell[0m [1;30mINFO[0m Skip shell extension 'powershell' for command environment: Not usable outside of PowerShell
[0.491s] [34mcolcon.colcon_core.shell[0m [1;30mDEBUG[0m [32mSkip shell extension 'dsv' for command environment[0m
[0.498s] [34mcolcon.colcon_core.event_handler.log_command[0m [1;30mDEBUG[0m [32mInvoking command in '/home/ori/biaoding_in_out/ros2_bag_exporter/build/ros2_bag_exporter': CMAKE_PREFIX_PATH=${CMAKE_PREFIX_PATH}:/opt/ros/humble /usr/bin/cmake --build /home/ori/biaoding_in_out/ros2_bag_exporter/build/ros2_bag_exporter -- -j20 -l20[0m
[0.727s] [34mcolcon.colcon_core.event_handler.log_command[0m [1;30mDEBUG[0m [32mInvoked command in '/home/ori/biaoding_in_out/ros2_bag_exporter/build/ros2_bag_exporter' returned '0': CMAKE_PREFIX_PATH=${CMAKE_PREFIX_PATH}:/opt/ros/humble /usr/bin/cmake --build /home/ori/biaoding_in_out/ros2_bag_exporter/build/ros2_bag_exporter -- -j20 -l20[0m
[0.740s] [34mcolcon.colcon_core.event_handler.log_command[0m [1;30mDEBUG[0m [32mInvoking command in '/home/ori/biaoding_in_out/ros2_bag_exporter/build/ros2_bag_exporter': CMAKE_PREFIX_PATH=${CMAKE_PREFIX_PATH}:/opt/ros/humble /usr/bin/cmake --install /home/ori/biaoding_in_out/ros2_bag_exporter/build/ros2_bag_exporter[0m
[0.772s] [34mcolcon.colcon_core.environment[0m [1;30mLevel 1[0m create_environment_scripts_only(ros2_bag_exporter)
[0.772s] [34mcolcon.colcon_core.event_handler.log_command[0m [1;30mDEBUG[0m [32mInvoked command in '/home/ori/biaoding_in_out/ros2_bag_exporter/build/ros2_bag_exporter' returned '0': CMAKE_PREFIX_PATH=${CMAKE_PREFIX_PATH}:/opt/ros/humble /usr/bin/cmake --install /home/ori/biaoding_in_out/ros2_bag_exporter/build/ros2_bag_exporter[0m
[0.781s] [34mcolcon.colcon_core.environment[0m [1;30mLevel 1[0m checking '/home/ori/biaoding_in_out/ros2_bag_exporter/install/ros2_bag_exporter' for CMake module files
[0.782s] [34mcolcon.colcon_core.environment[0m [1;30mLevel 1[0m checking '/home/ori/biaoding_in_out/ros2_bag_exporter/install/ros2_bag_exporter' for CMake config files
[0.782s] [34mcolcon.colcon_core.shell[0m [1;30mLevel 1[0m create_environment_hook('ros2_bag_exporter', 'cmake_prefix_path')
[0.782s] [34mcolcon.colcon_core.shell[0m [1;30mINFO[0m Creating environment hook '/home/ori/biaoding_in_out/ros2_bag_exporter/install/ros2_bag_exporter/share/ros2_bag_exporter/hook/cmake_prefix_path.ps1'
[0.784s] [34mcolcon.colcon_core.shell[0m [1;30mINFO[0m Creating environment descriptor '/home/ori/biaoding_in_out/ros2_bag_exporter/install/ros2_bag_exporter/share/ros2_bag_exporter/hook/cmake_prefix_path.dsv'
[0.785s] [34mcolcon.colcon_core.shell[0m [1;30mINFO[0m Creating environment hook '/home/ori/biaoding_in_out/ros2_bag_exporter/install/ros2_bag_exporter/share/ros2_bag_exporter/hook/cmake_prefix_path.sh'
[0.786s] [34mcolcon.colcon_core.environment[0m [1;30mLevel 1[0m checking '/home/ori/biaoding_in_out/ros2_bag_exporter/install/ros2_bag_exporter/lib'
[0.787s] [34mcolcon.colcon_core.environment[0m [1;30mLevel 1[0m checking '/home/ori/biaoding_in_out/ros2_bag_exporter/install/ros2_bag_exporter/bin'
[0.787s] [34mcolcon.colcon_core.environment[0m [1;30mLevel 1[0m checking '/home/ori/biaoding_in_out/ros2_bag_exporter/install/ros2_bag_exporter/lib/pkgconfig/ros2_bag_exporter.pc'
[0.787s] [34mcolcon.colcon_core.environment[0m [1;30mLevel 1[0m checking '/home/ori/biaoding_in_out/ros2_bag_exporter/install/ros2_bag_exporter/lib/python3.10/site-packages'
[0.788s] [34mcolcon.colcon_core.environment[0m [1;30mLevel 1[0m checking '/home/ori/biaoding_in_out/ros2_bag_exporter/install/ros2_bag_exporter/bin'
[0.788s] [34mcolcon.colcon_core.shell[0m [1;30mINFO[0m Creating package script '/home/ori/biaoding_in_out/ros2_bag_exporter/install/ros2_bag_exporter/share/ros2_bag_exporter/package.ps1'
[0.789s] [34mcolcon.colcon_core.shell[0m [1;30mINFO[0m Creating package descriptor '/home/ori/biaoding_in_out/ros2_bag_exporter/install/ros2_bag_exporter/share/ros2_bag_exporter/package.dsv'
[0.790s] [34mcolcon.colcon_core.shell[0m [1;30mINFO[0m Creating package script '/home/ori/biaoding_in_out/ros2_bag_exporter/install/ros2_bag_exporter/share/ros2_bag_exporter/package.sh'
[0.791s] [34mcolcon.colcon_core.shell[0m [1;30mINFO[0m Creating package script '/home/ori/biaoding_in_out/ros2_bag_exporter/install/ros2_bag_exporter/share/ros2_bag_exporter/package.bash'
[0.793s] [34mcolcon.colcon_core.shell[0m [1;30mINFO[0m Creating package script '/home/ori/biaoding_in_out/ros2_bag_exporter/install/ros2_bag_exporter/share/ros2_bag_exporter/package.zsh'
[0.794s] [34mcolcon.colcon_core.environment[0m [1;30mLevel 1[0m create_file_with_runtime_dependencies(/home/ori/biaoding_in_out/ros2_bag_exporter/install/ros2_bag_exporter/share/colcon-core/packages/ros2_bag_exporter)
[0.795s] [34mcolcon.colcon_core.environment[0m [1;30mLevel 1[0m create_environment_scripts_only(ros2_bag_exporter)
[0.795s] [34mcolcon.colcon_core.environment[0m [1;30mLevel 1[0m checking '/home/ori/biaoding_in_out/ros2_bag_exporter/install/ros2_bag_exporter' for CMake module files
[0.796s] [34mcolcon.colcon_core.environment[0m [1;30mLevel 1[0m checking '/home/ori/biaoding_in_out/ros2_bag_exporter/install/ros2_bag_exporter' for CMake config files
[0.796s] [34mcolcon.colcon_core.shell[0m [1;30mLevel 1[0m create_environment_hook('ros2_bag_exporter', 'cmake_prefix_path')
[0.796s] [34mcolcon.colcon_core.shell[0m [1;30mINFO[0m Creating environment hook '/home/ori/biaoding_in_out/ros2_bag_exporter/install/ros2_bag_exporter/share/ros2_bag_exporter/hook/cmake_prefix_path.ps1'
[0.797s] [34mcolcon.colcon_core.shell[0m [1;30mINFO[0m Creating environment descriptor '/home/ori/biaoding_in_out/ros2_bag_exporter/install/ros2_bag_exporter/share/ros2_bag_exporter/hook/cmake_prefix_path.dsv'
[0.797s] [34mcolcon.colcon_core.shell[0m [1;30mINFO[0m Creating environment hook '/home/ori/biaoding_in_out/ros2_bag_exporter/install/ros2_bag_exporter/share/ros2_bag_exporter/hook/cmake_prefix_path.sh'
[0.798s] [34mcolcon.colcon_core.environment[0m [1;30mLevel 1[0m checking '/home/ori/biaoding_in_out/ros2_bag_exporter/install/ros2_bag_exporter/lib'
[0.798s] [34mcolcon.colcon_core.environment[0m [1;30mLevel 1[0m checking '/home/ori/biaoding_in_out/ros2_bag_exporter/install/ros2_bag_exporter/bin'
[0.798s] [34mcolcon.colcon_core.environment[0m [1;30mLevel 1[0m checking '/home/ori/biaoding_in_out/ros2_bag_exporter/install/ros2_bag_exporter/lib/pkgconfig/ros2_bag_exporter.pc'
[0.798s] [34mcolcon.colcon_core.environment[0m [1;30mLevel 1[0m checking '/home/ori/biaoding_in_out/ros2_bag_exporter/install/ros2_bag_exporter/lib/python3.10/site-packages'
[0.799s] [34mcolcon.colcon_core.environment[0m [1;30mLevel 1[0m checking '/home/ori/biaoding_in_out/ros2_bag_exporter/install/ros2_bag_exporter/bin'
[0.799s] [34mcolcon.colcon_core.shell[0m [1;30mINFO[0m Creating package script '/home/ori/biaoding_in_out/ros2_bag_exporter/install/ros2_bag_exporter/share/ros2_bag_exporter/package.ps1'
[0.800s] [34mcolcon.colcon_core.shell[0m [1;30mINFO[0m Creating package descriptor '/home/ori/biaoding_in_out/ros2_bag_exporter/install/ros2_bag_exporter/share/ros2_bag_exporter/package.dsv'
[0.800s] [34mcolcon.colcon_core.shell[0m [1;30mINFO[0m Creating package script '/home/ori/biaoding_in_out/ros2_bag_exporter/install/ros2_bag_exporter/share/ros2_bag_exporter/package.sh'
[0.801s] [34mcolcon.colcon_core.shell[0m [1;30mINFO[0m Creating package script '/home/ori/biaoding_in_out/ros2_bag_exporter/install/ros2_bag_exporter/share/ros2_bag_exporter/package.bash'
[0.801s] [34mcolcon.colcon_core.shell[0m [1;30mINFO[0m Creating package script '/home/ori/biaoding_in_out/ros2_bag_exporter/install/ros2_bag_exporter/share/ros2_bag_exporter/package.zsh'
[0.801s] [34mcolcon.colcon_core.environment[0m [1;30mLevel 1[0m create_file_with_runtime_dependencies(/home/ori/biaoding_in_out/ros2_bag_exporter/install/ros2_bag_exporter/share/colcon-core/packages/ros2_bag_exporter)
[0.802s] [34mcolcon.colcon_parallel_executor.executor.parallel[0m [1;30mDEBUG[0m [32mclosing loop[0m
[0.802s] [34mcolcon.colcon_parallel_executor.executor.parallel[0m [1;30mDEBUG[0m [32mloop closed[0m
[0.802s] [34mcolcon.colcon_parallel_executor.executor.parallel[0m [1;30mDEBUG[0m [32mrun_until_complete finished with '0'[0m
[0.802s] [34mcolcon.colcon_core.event_reactor[0m [1;30mDEBUG[0m [32mjoining thread[0m
[0.807s] [34mcolcon.colcon_core.plugin_system[0m [1;30mINFO[0m Skipping extension 'colcon_notification.desktop_notification.terminal_notifier': Not used on non-Darwin systems
[0.807s] [34mcolcon.colcon_core.plugin_system[0m [1;30mINFO[0m Skipping extension 'colcon_notification.desktop_notification.win32': Not used on non-Windows systems
[0.807s] [34mcolcon.colcon_notification.desktop_notification[0m [1;30mINFO[0m Sending desktop notification using 'notify2'
[0.827s] [34mcolcon.colcon_core.event_reactor[0m [1;30mDEBUG[0m [32mjoined thread[0m
[0.827s] [34mcolcon.colcon_core.shell[0m [1;30mINFO[0m Creating prefix script '/home/ori/biaoding_in_out/ros2_bag_exporter/install/local_setup.ps1'
[0.828s] [34mcolcon.colcon_core.shell[0m [1;30mINFO[0m Creating prefix util module '/home/ori/biaoding_in_out/ros2_bag_exporter/install/_local_setup_util_ps1.py'
[0.830s] [34mcolcon.colcon_core.shell[0m [1;30mINFO[0m Creating prefix chain script '/home/ori/biaoding_in_out/ros2_bag_exporter/install/setup.ps1'
[0.831s] [34mcolcon.colcon_core.shell[0m [1;30mINFO[0m Creating prefix script '/home/ori/biaoding_in_out/ros2_bag_exporter/install/local_setup.sh'
[0.831s] [34mcolcon.colcon_core.shell[0m [1;30mINFO[0m Creating prefix util module '/home/ori/biaoding_in_out/ros2_bag_exporter/install/_local_setup_util_sh.py'
[0.831s] [34mcolcon.colcon_core.shell[0m [1;30mINFO[0m Creating prefix chain script '/home/ori/biaoding_in_out/ros2_bag_exporter/install/setup.sh'
[0.832s] [34mcolcon.colcon_core.shell[0m [1;30mINFO[0m Creating prefix script '/home/ori/biaoding_in_out/ros2_bag_exporter/install/local_setup.bash'
[0.833s] [34mcolcon.colcon_core.shell[0m [1;30mINFO[0m Creating prefix chain script '/home/ori/biaoding_in_out/ros2_bag_exporter/install/setup.bash'
[0.834s] [34mcolcon.colcon_core.shell[0m [1;30mINFO[0m Creating prefix script '/home/ori/biaoding_in_out/ros2_bag_exporter/install/local_setup.zsh'
[0.834s] [34mcolcon.colcon_core.shell[0m [1;30mINFO[0m Creating prefix chain script '/home/ori/biaoding_in_out/ros2_bag_exporter/install/setup.zsh'
