[0.053s] DEBUG:colcon:Command line arguments: ['/usr/bin/colcon', 'build', '--packages-select', 'ros2_bag_exporter']
[0.053s] DEBUG:colcon:Parsed command line arguments: Namespace(log_base=None, log_level=None, verb_name='build', build_base='build', install_base='install', merge_install=False, symlink_install=False, test_result_base=None, continue_on_error=False, executor='parallel', parallel_workers=20, event_handlers=None, ignore_user_meta=False, metas=['./colcon.meta'], base_paths=['.'], packages_ignore=None, packages_ignore_regex=None, paths=None, packages_up_to=None, packages_up_to_regex=None, packages_above=None, packages_above_and_dependencies=None, packages_above_depth=None, packages_select_by_dep=None, packages_skip_by_dep=None, packages_skip_up_to=None, packages_select_build_failed=False, packages_skip_build_finished=False, packages_select_test_failures=False, packages_skip_test_passed=False, packages_select=['ros2_bag_exporter'], packages_skip=None, packages_select_regex=None, packages_skip_regex=None, packages_start=None, packages_end=None, allow_overriding=[], cmake_args=None, cmake_target=None, cmake_target_skip_unavailable=False, cmake_clean_cache=False, cmake_clean_first=False, cmake_force_configure=False, ament_cmake_args=None, catkin_cmake_args=None, catkin_skip_building_tests=False, verb_parser=<colcon_defaults.argument_parser.defaults.DefaultArgumentsDecorator object at 0x7855b913a890>, verb_extension=<colcon_core.verb.build.BuildVerb object at 0x7855b9253e20>, main=<bound method BuildVerb.main of <colcon_core.verb.build.BuildVerb object at 0x7855b9253e20>>)
[0.136s] Level 1:colcon.colcon_core.package_discovery:discover_packages(colcon_meta) check parameters
[0.136s] Level 1:colcon.colcon_core.package_discovery:discover_packages(recursive) check parameters
[0.136s] Level 1:colcon.colcon_core.package_discovery:discover_packages(ignore) check parameters
[0.136s] Level 1:colcon.colcon_core.package_discovery:discover_packages(path) check parameters
[0.136s] Level 1:colcon.colcon_core.package_discovery:discover_packages(colcon_meta) discover
[0.136s] Level 1:colcon.colcon_core.package_discovery:discover_packages(recursive) discover
[0.136s] INFO:colcon.colcon_core.package_discovery:Crawling recursively for packages in '/home/ori/biaoding_in_out/ros2_bag_exporter'
[0.136s] Level 1:colcon.colcon_core.package_identification:_identify(.) by extensions ['ignore', 'ignore_ament_install']
[0.136s] Level 1:colcon.colcon_core.package_identification:_identify(.) by extension 'ignore'
[0.136s] Level 1:colcon.colcon_core.package_identification:_identify(.) by extension 'ignore_ament_install'
[0.136s] Level 1:colcon.colcon_core.package_identification:_identify(.) by extensions ['colcon_pkg']
[0.136s] Level 1:colcon.colcon_core.package_identification:_identify(.) by extension 'colcon_pkg'
[0.136s] Level 1:colcon.colcon_core.package_identification:_identify(.) by extensions ['colcon_meta']
[0.136s] Level 1:colcon.colcon_core.package_identification:_identify(.) by extension 'colcon_meta'
[0.136s] Level 1:colcon.colcon_core.package_identification:_identify(.) by extensions ['ros']
[0.136s] Level 1:colcon.colcon_core.package_identification:_identify(.) by extension 'ros'
[0.143s] DEBUG:colcon.colcon_core.package_identification:Package '.' with type 'ros.ament_cmake' and name 'ros2_bag_exporter'
[0.143s] Level 1:colcon.colcon_core.package_discovery:discover_packages(recursive) using defaults
[0.144s] Level 1:colcon.colcon_core.package_discovery:discover_packages(ignore) discover
[0.144s] Level 1:colcon.colcon_core.package_discovery:discover_packages(ignore) using defaults
[0.144s] Level 1:colcon.colcon_core.package_discovery:discover_packages(path) discover
[0.144s] Level 1:colcon.colcon_core.package_discovery:discover_packages(path) using defaults
[0.158s] Level 1:colcon.colcon_core.package_discovery:discover_packages(prefix_path) check parameters
[0.158s] Level 1:colcon.colcon_core.package_discovery:discover_packages(prefix_path) discover
[0.159s] DEBUG:colcon.colcon_installed_package_information.package_discovery:Found 1 installed packages in /home/ori/install
[0.159s] DEBUG:colcon.colcon_installed_package_information.package_discovery:Found 2 installed packages in /home/ori/SDK/gongji_ros2/install
[0.160s] DEBUG:colcon.colcon_installed_package_information.package_discovery:Found 1 installed packages in /home/ori/SDK/HesaiLidar_ROS_2.0/install
[0.160s] DEBUG:colcon.colcon_installed_package_information.package_discovery:Found 288 installed packages in /opt/ros/humble
[0.161s] Level 1:colcon.colcon_core.package_discovery:discover_packages(prefix_path) using defaults
[0.179s] Level 5:colcon.colcon_core.verb:set package 'ros2_bag_exporter' build argument 'cmake_args' from command line to 'None'
[0.179s] Level 5:colcon.colcon_core.verb:set package 'ros2_bag_exporter' build argument 'cmake_target' from command line to 'None'
[0.179s] Level 5:colcon.colcon_core.verb:set package 'ros2_bag_exporter' build argument 'cmake_target_skip_unavailable' from command line to 'False'
[0.179s] Level 5:colcon.colcon_core.verb:set package 'ros2_bag_exporter' build argument 'cmake_clean_cache' from command line to 'False'
[0.179s] Level 5:colcon.colcon_core.verb:set package 'ros2_bag_exporter' build argument 'cmake_clean_first' from command line to 'False'
[0.179s] Level 5:colcon.colcon_core.verb:set package 'ros2_bag_exporter' build argument 'cmake_force_configure' from command line to 'False'
[0.179s] Level 5:colcon.colcon_core.verb:set package 'ros2_bag_exporter' build argument 'ament_cmake_args' from command line to 'None'
[0.179s] Level 5:colcon.colcon_core.verb:set package 'ros2_bag_exporter' build argument 'catkin_cmake_args' from command line to 'None'
[0.179s] Level 5:colcon.colcon_core.verb:set package 'ros2_bag_exporter' build argument 'catkin_skip_building_tests' from command line to 'False'
[0.179s] DEBUG:colcon.colcon_core.verb:Building package 'ros2_bag_exporter' with the following arguments: {'ament_cmake_args': None, 'build_base': '/home/ori/biaoding_in_out/ros2_bag_exporter/build/ros2_bag_exporter', 'catkin_cmake_args': None, 'catkin_skip_building_tests': False, 'cmake_args': None, 'cmake_clean_cache': False, 'cmake_clean_first': False, 'cmake_force_configure': False, 'cmake_target': None, 'cmake_target_skip_unavailable': False, 'install_base': '/home/ori/biaoding_in_out/ros2_bag_exporter/install/ros2_bag_exporter', 'merge_install': False, 'path': '/home/ori/biaoding_in_out/ros2_bag_exporter', 'symlink_install': False, 'test_result_base': None}
[0.179s] INFO:colcon.colcon_core.executor:Executing jobs using 'parallel' executor
[0.180s] DEBUG:colcon.colcon_parallel_executor.executor.parallel:run_until_complete
[0.180s] INFO:colcon.colcon_ros.task.ament_cmake.build:Building ROS package in '/home/ori/biaoding_in_out/ros2_bag_exporter' with build type 'ament_cmake'
[0.180s] INFO:colcon.colcon_cmake.task.cmake.build:Building CMake package in '/home/ori/biaoding_in_out/ros2_bag_exporter'
[0.181s] INFO:colcon.colcon_core.plugin_system:Skipping extension 'colcon_core.shell.bat': Not used on non-Windows systems
[0.181s] INFO:colcon.colcon_core.shell:Skip shell extension 'powershell' for command environment: Not usable outside of PowerShell
[0.181s] DEBUG:colcon.colcon_core.shell:Skip shell extension 'dsv' for command environment
[0.187s] DEBUG:colcon.colcon_core.event_handler.log_command:Invoking command in '/home/ori/biaoding_in_out/ros2_bag_exporter/build/ros2_bag_exporter': CMAKE_PREFIX_PATH=${CMAKE_PREFIX_PATH}:/opt/ros/humble /usr/bin/cmake --build /home/ori/biaoding_in_out/ros2_bag_exporter/build/ros2_bag_exporter -- -j20 -l20
[0.265s] DEBUG:colcon.colcon_core.event_handler.log_command:Invoked command in '/home/ori/biaoding_in_out/ros2_bag_exporter/build/ros2_bag_exporter' returned '0': CMAKE_PREFIX_PATH=${CMAKE_PREFIX_PATH}:/opt/ros/humble /usr/bin/cmake --build /home/ori/biaoding_in_out/ros2_bag_exporter/build/ros2_bag_exporter -- -j20 -l20
[0.275s] DEBUG:colcon.colcon_core.event_handler.log_command:Invoking command in '/home/ori/biaoding_in_out/ros2_bag_exporter/build/ros2_bag_exporter': CMAKE_PREFIX_PATH=${CMAKE_PREFIX_PATH}:/opt/ros/humble /usr/bin/cmake --install /home/ori/biaoding_in_out/ros2_bag_exporter/build/ros2_bag_exporter
[0.296s] Level 1:colcon.colcon_core.environment:create_environment_scripts_only(ros2_bag_exporter)
[0.296s] DEBUG:colcon.colcon_core.event_handler.log_command:Invoked command in '/home/ori/biaoding_in_out/ros2_bag_exporter/build/ros2_bag_exporter' returned '0': CMAKE_PREFIX_PATH=${CMAKE_PREFIX_PATH}:/opt/ros/humble /usr/bin/cmake --install /home/ori/biaoding_in_out/ros2_bag_exporter/build/ros2_bag_exporter
[0.299s] Level 1:colcon.colcon_core.environment:checking '/home/ori/biaoding_in_out/ros2_bag_exporter/install/ros2_bag_exporter' for CMake module files
[0.300s] Level 1:colcon.colcon_core.environment:checking '/home/ori/biaoding_in_out/ros2_bag_exporter/install/ros2_bag_exporter' for CMake config files
[0.301s] Level 1:colcon.colcon_core.shell:create_environment_hook('ros2_bag_exporter', 'cmake_prefix_path')
[0.301s] INFO:colcon.colcon_core.shell:Creating environment hook '/home/ori/biaoding_in_out/ros2_bag_exporter/install/ros2_bag_exporter/share/ros2_bag_exporter/hook/cmake_prefix_path.ps1'
[0.302s] INFO:colcon.colcon_core.shell:Creating environment descriptor '/home/ori/biaoding_in_out/ros2_bag_exporter/install/ros2_bag_exporter/share/ros2_bag_exporter/hook/cmake_prefix_path.dsv'
[0.303s] INFO:colcon.colcon_core.shell:Creating environment hook '/home/ori/biaoding_in_out/ros2_bag_exporter/install/ros2_bag_exporter/share/ros2_bag_exporter/hook/cmake_prefix_path.sh'
[0.304s] Level 1:colcon.colcon_core.environment:checking '/home/ori/biaoding_in_out/ros2_bag_exporter/install/ros2_bag_exporter/lib'
[0.304s] Level 1:colcon.colcon_core.environment:checking '/home/ori/biaoding_in_out/ros2_bag_exporter/install/ros2_bag_exporter/bin'
[0.304s] Level 1:colcon.colcon_core.environment:checking '/home/ori/biaoding_in_out/ros2_bag_exporter/install/ros2_bag_exporter/lib/pkgconfig/ros2_bag_exporter.pc'
[0.304s] Level 1:colcon.colcon_core.environment:checking '/home/ori/biaoding_in_out/ros2_bag_exporter/install/ros2_bag_exporter/lib/python3.10/site-packages'
[0.305s] Level 1:colcon.colcon_core.environment:checking '/home/ori/biaoding_in_out/ros2_bag_exporter/install/ros2_bag_exporter/bin'
[0.305s] INFO:colcon.colcon_core.shell:Creating package script '/home/ori/biaoding_in_out/ros2_bag_exporter/install/ros2_bag_exporter/share/ros2_bag_exporter/package.ps1'
[0.306s] INFO:colcon.colcon_core.shell:Creating package descriptor '/home/ori/biaoding_in_out/ros2_bag_exporter/install/ros2_bag_exporter/share/ros2_bag_exporter/package.dsv'
[0.306s] INFO:colcon.colcon_core.shell:Creating package script '/home/ori/biaoding_in_out/ros2_bag_exporter/install/ros2_bag_exporter/share/ros2_bag_exporter/package.sh'
[0.307s] INFO:colcon.colcon_core.shell:Creating package script '/home/ori/biaoding_in_out/ros2_bag_exporter/install/ros2_bag_exporter/share/ros2_bag_exporter/package.bash'
[0.308s] INFO:colcon.colcon_core.shell:Creating package script '/home/ori/biaoding_in_out/ros2_bag_exporter/install/ros2_bag_exporter/share/ros2_bag_exporter/package.zsh'
[0.309s] Level 1:colcon.colcon_core.environment:create_file_with_runtime_dependencies(/home/ori/biaoding_in_out/ros2_bag_exporter/install/ros2_bag_exporter/share/colcon-core/packages/ros2_bag_exporter)
[0.309s] Level 1:colcon.colcon_core.environment:create_environment_scripts_only(ros2_bag_exporter)
[0.309s] Level 1:colcon.colcon_core.environment:checking '/home/ori/biaoding_in_out/ros2_bag_exporter/install/ros2_bag_exporter' for CMake module files
[0.310s] Level 1:colcon.colcon_core.environment:checking '/home/ori/biaoding_in_out/ros2_bag_exporter/install/ros2_bag_exporter' for CMake config files
[0.310s] Level 1:colcon.colcon_core.shell:create_environment_hook('ros2_bag_exporter', 'cmake_prefix_path')
[0.310s] INFO:colcon.colcon_core.shell:Creating environment hook '/home/ori/biaoding_in_out/ros2_bag_exporter/install/ros2_bag_exporter/share/ros2_bag_exporter/hook/cmake_prefix_path.ps1'
[0.311s] INFO:colcon.colcon_core.shell:Creating environment descriptor '/home/ori/biaoding_in_out/ros2_bag_exporter/install/ros2_bag_exporter/share/ros2_bag_exporter/hook/cmake_prefix_path.dsv'
[0.311s] INFO:colcon.colcon_core.shell:Creating environment hook '/home/ori/biaoding_in_out/ros2_bag_exporter/install/ros2_bag_exporter/share/ros2_bag_exporter/hook/cmake_prefix_path.sh'
[0.312s] Level 1:colcon.colcon_core.environment:checking '/home/ori/biaoding_in_out/ros2_bag_exporter/install/ros2_bag_exporter/lib'
[0.312s] Level 1:colcon.colcon_core.environment:checking '/home/ori/biaoding_in_out/ros2_bag_exporter/install/ros2_bag_exporter/bin'
[0.312s] Level 1:colcon.colcon_core.environment:checking '/home/ori/biaoding_in_out/ros2_bag_exporter/install/ros2_bag_exporter/lib/pkgconfig/ros2_bag_exporter.pc'
[0.312s] Level 1:colcon.colcon_core.environment:checking '/home/ori/biaoding_in_out/ros2_bag_exporter/install/ros2_bag_exporter/lib/python3.10/site-packages'
[0.312s] Level 1:colcon.colcon_core.environment:checking '/home/ori/biaoding_in_out/ros2_bag_exporter/install/ros2_bag_exporter/bin'
[0.312s] INFO:colcon.colcon_core.shell:Creating package script '/home/ori/biaoding_in_out/ros2_bag_exporter/install/ros2_bag_exporter/share/ros2_bag_exporter/package.ps1'
[0.312s] INFO:colcon.colcon_core.shell:Creating package descriptor '/home/ori/biaoding_in_out/ros2_bag_exporter/install/ros2_bag_exporter/share/ros2_bag_exporter/package.dsv'
[0.312s] INFO:colcon.colcon_core.shell:Creating package script '/home/ori/biaoding_in_out/ros2_bag_exporter/install/ros2_bag_exporter/share/ros2_bag_exporter/package.sh'
[0.313s] INFO:colcon.colcon_core.shell:Creating package script '/home/ori/biaoding_in_out/ros2_bag_exporter/install/ros2_bag_exporter/share/ros2_bag_exporter/package.bash'
[0.313s] INFO:colcon.colcon_core.shell:Creating package script '/home/ori/biaoding_in_out/ros2_bag_exporter/install/ros2_bag_exporter/share/ros2_bag_exporter/package.zsh'
[0.313s] Level 1:colcon.colcon_core.environment:create_file_with_runtime_dependencies(/home/ori/biaoding_in_out/ros2_bag_exporter/install/ros2_bag_exporter/share/colcon-core/packages/ros2_bag_exporter)
[0.313s] DEBUG:colcon.colcon_parallel_executor.executor.parallel:closing loop
[0.313s] DEBUG:colcon.colcon_parallel_executor.executor.parallel:loop closed
[0.313s] DEBUG:colcon.colcon_parallel_executor.executor.parallel:run_until_complete finished with '0'
[0.313s] DEBUG:colcon.colcon_core.event_reactor:joining thread
[0.318s] INFO:colcon.colcon_core.plugin_system:Skipping extension 'colcon_notification.desktop_notification.terminal_notifier': Not used on non-Darwin systems
[0.318s] INFO:colcon.colcon_core.plugin_system:Skipping extension 'colcon_notification.desktop_notification.win32': Not used on non-Windows systems
[0.318s] INFO:colcon.colcon_notification.desktop_notification:Sending desktop notification using 'notify2'
[0.330s] DEBUG:colcon.colcon_core.event_reactor:joined thread
[0.330s] INFO:colcon.colcon_core.shell:Creating prefix script '/home/ori/biaoding_in_out/ros2_bag_exporter/install/local_setup.ps1'
[0.331s] INFO:colcon.colcon_core.shell:Creating prefix util module '/home/ori/biaoding_in_out/ros2_bag_exporter/install/_local_setup_util_ps1.py'
[0.332s] INFO:colcon.colcon_core.shell:Creating prefix chain script '/home/ori/biaoding_in_out/ros2_bag_exporter/install/setup.ps1'
[0.334s] INFO:colcon.colcon_core.shell:Creating prefix script '/home/ori/biaoding_in_out/ros2_bag_exporter/install/local_setup.sh'
[0.334s] INFO:colcon.colcon_core.shell:Creating prefix util module '/home/ori/biaoding_in_out/ros2_bag_exporter/install/_local_setup_util_sh.py'
[0.335s] INFO:colcon.colcon_core.shell:Creating prefix chain script '/home/ori/biaoding_in_out/ros2_bag_exporter/install/setup.sh'
[0.336s] INFO:colcon.colcon_core.shell:Creating prefix script '/home/ori/biaoding_in_out/ros2_bag_exporter/install/local_setup.bash'
[0.336s] INFO:colcon.colcon_core.shell:Creating prefix chain script '/home/ori/biaoding_in_out/ros2_bag_exporter/install/setup.bash'
[0.337s] INFO:colcon.colcon_core.shell:Creating prefix script '/home/ori/biaoding_in_out/ros2_bag_exporter/install/local_setup.zsh'
[0.337s] INFO:colcon.colcon_core.shell:Creating prefix chain script '/home/ori/biaoding_in_out/ros2_bag_exporter/install/setup.zsh'
