[0.053s] DEBUG:colcon:Command line arguments: ['/usr/bin/colcon', 'build', '--symlink-install']
[0.053s] DEBUG:colcon:Parsed command line arguments: Namespace(log_base=None, log_level=None, verb_name='build', build_base='build', install_base='install', merge_install=False, symlink_install=True, test_result_base=None, continue_on_error=False, executor='parallel', parallel_workers=20, event_handlers=None, ignore_user_meta=False, metas=['./colcon.meta'], base_paths=['.'], packages_ignore=None, packages_ignore_regex=None, paths=None, packages_up_to=None, packages_up_to_regex=None, packages_above=None, packages_above_and_dependencies=None, packages_above_depth=None, packages_select_by_dep=None, packages_skip_by_dep=None, packages_skip_up_to=None, packages_select_build_failed=False, packages_skip_build_finished=False, packages_select_test_failures=False, packages_skip_test_passed=False, packages_select=None, packages_skip=None, packages_select_regex=None, packages_skip_regex=None, packages_start=None, packages_end=None, allow_overriding=[], cmake_args=None, cmake_target=None, cmake_target_skip_unavailable=False, cmake_clean_cache=False, cmake_clean_first=False, cmake_force_configure=False, ament_cmake_args=None, catkin_cmake_args=None, catkin_skip_building_tests=False, verb_parser=<colcon_defaults.argument_parser.defaults.DefaultArgumentsDecorator object at 0x711669f0e890>, verb_extension=<colcon_core.verb.build.BuildVerb object at 0x71166a047e20>, main=<bound method BuildVerb.main of <colcon_core.verb.build.BuildVerb object at 0x71166a047e20>>)
[0.135s] Level 1:colcon.colcon_core.package_discovery:discover_packages(colcon_meta) check parameters
[0.135s] Level 1:colcon.colcon_core.package_discovery:discover_packages(recursive) check parameters
[0.135s] Level 1:colcon.colcon_core.package_discovery:discover_packages(ignore) check parameters
[0.135s] Level 1:colcon.colcon_core.package_discovery:discover_packages(path) check parameters
[0.135s] Level 1:colcon.colcon_core.package_discovery:discover_packages(colcon_meta) discover
[0.135s] Level 1:colcon.colcon_core.package_discovery:discover_packages(recursive) discover
[0.135s] INFO:colcon.colcon_core.package_discovery:Crawling recursively for packages in '/home/ori/biaoding_in_out/ros2_bag_exporter'
[0.135s] Level 1:colcon.colcon_core.package_identification:_identify(.) by extensions ['ignore', 'ignore_ament_install']
[0.135s] Level 1:colcon.colcon_core.package_identification:_identify(.) by extension 'ignore'
[0.135s] Level 1:colcon.colcon_core.package_identification:_identify(.) by extension 'ignore_ament_install'
[0.135s] Level 1:colcon.colcon_core.package_identification:_identify(.) by extensions ['colcon_pkg']
[0.135s] Level 1:colcon.colcon_core.package_identification:_identify(.) by extension 'colcon_pkg'
[0.135s] Level 1:colcon.colcon_core.package_identification:_identify(.) by extensions ['colcon_meta']
[0.135s] Level 1:colcon.colcon_core.package_identification:_identify(.) by extension 'colcon_meta'
[0.135s] Level 1:colcon.colcon_core.package_identification:_identify(.) by extensions ['ros']
[0.135s] Level 1:colcon.colcon_core.package_identification:_identify(.) by extension 'ros'
[0.143s] DEBUG:colcon.colcon_core.package_identification:Package '.' with type 'ros.ament_cmake' and name 'ros2_bag_exporter'
[0.143s] Level 1:colcon.colcon_core.package_discovery:discover_packages(recursive) using defaults
[0.143s] Level 1:colcon.colcon_core.package_discovery:discover_packages(ignore) discover
[0.143s] Level 1:colcon.colcon_core.package_discovery:discover_packages(ignore) using defaults
[0.143s] Level 1:colcon.colcon_core.package_discovery:discover_packages(path) discover
[0.143s] Level 1:colcon.colcon_core.package_discovery:discover_packages(path) using defaults
[0.158s] Level 1:colcon.colcon_core.package_discovery:discover_packages(prefix_path) check parameters
[0.158s] Level 1:colcon.colcon_core.package_discovery:discover_packages(prefix_path) discover
[0.159s] DEBUG:colcon.colcon_installed_package_information.package_discovery:Found 1 installed packages in /home/ori/install
[0.159s] DEBUG:colcon.colcon_installed_package_information.package_discovery:Found 2 installed packages in /home/ori/SDK/gongji_ros2/install
[0.159s] DEBUG:colcon.colcon_installed_package_information.package_discovery:Found 1 installed packages in /home/ori/SDK/HesaiLidar_ROS_2.0/install
[0.160s] DEBUG:colcon.colcon_installed_package_information.package_discovery:Found 288 installed packages in /opt/ros/humble
[0.160s] Level 1:colcon.colcon_core.package_discovery:discover_packages(prefix_path) using defaults
[0.178s] Level 5:colcon.colcon_core.verb:set package 'ros2_bag_exporter' build argument 'cmake_args' from command line to 'None'
[0.178s] Level 5:colcon.colcon_core.verb:set package 'ros2_bag_exporter' build argument 'cmake_target' from command line to 'None'
[0.178s] Level 5:colcon.colcon_core.verb:set package 'ros2_bag_exporter' build argument 'cmake_target_skip_unavailable' from command line to 'False'
[0.178s] Level 5:colcon.colcon_core.verb:set package 'ros2_bag_exporter' build argument 'cmake_clean_cache' from command line to 'False'
[0.178s] Level 5:colcon.colcon_core.verb:set package 'ros2_bag_exporter' build argument 'cmake_clean_first' from command line to 'False'
[0.178s] Level 5:colcon.colcon_core.verb:set package 'ros2_bag_exporter' build argument 'cmake_force_configure' from command line to 'False'
[0.178s] Level 5:colcon.colcon_core.verb:set package 'ros2_bag_exporter' build argument 'ament_cmake_args' from command line to 'None'
[0.178s] Level 5:colcon.colcon_core.verb:set package 'ros2_bag_exporter' build argument 'catkin_cmake_args' from command line to 'None'
[0.178s] Level 5:colcon.colcon_core.verb:set package 'ros2_bag_exporter' build argument 'catkin_skip_building_tests' from command line to 'False'
[0.178s] DEBUG:colcon.colcon_core.verb:Building package 'ros2_bag_exporter' with the following arguments: {'ament_cmake_args': None, 'build_base': '/home/ori/biaoding_in_out/ros2_bag_exporter/build/ros2_bag_exporter', 'catkin_cmake_args': None, 'catkin_skip_building_tests': False, 'cmake_args': None, 'cmake_clean_cache': False, 'cmake_clean_first': False, 'cmake_force_configure': False, 'cmake_target': None, 'cmake_target_skip_unavailable': False, 'install_base': '/home/ori/biaoding_in_out/ros2_bag_exporter/install/ros2_bag_exporter', 'merge_install': False, 'path': '/home/ori/biaoding_in_out/ros2_bag_exporter', 'symlink_install': True, 'test_result_base': None}
[0.178s] INFO:colcon.colcon_core.executor:Executing jobs using 'parallel' executor
[0.178s] DEBUG:colcon.colcon_parallel_executor.executor.parallel:run_until_complete
[0.179s] INFO:colcon.colcon_ros.task.ament_cmake.build:Building ROS package in '/home/ori/biaoding_in_out/ros2_bag_exporter' with build type 'ament_cmake'
[0.179s] INFO:colcon.colcon_cmake.task.cmake.build:Building CMake package in '/home/ori/biaoding_in_out/ros2_bag_exporter'
[0.180s] INFO:colcon.colcon_core.plugin_system:Skipping extension 'colcon_core.shell.bat': Not used on non-Windows systems
[0.180s] INFO:colcon.colcon_core.shell:Skip shell extension 'powershell' for command environment: Not usable outside of PowerShell
[0.180s] DEBUG:colcon.colcon_core.shell:Skip shell extension 'dsv' for command environment
[0.186s] DEBUG:colcon.colcon_core.event_handler.log_command:Invoking command in '/home/ori/biaoding_in_out/ros2_bag_exporter/build/ros2_bag_exporter': CMAKE_PREFIX_PATH=${CMAKE_PREFIX_PATH}:/opt/ros/humble /usr/bin/cmake /home/ori/biaoding_in_out/ros2_bag_exporter -DAMENT_CMAKE_SYMLINK_INSTALL=1 -DCMAKE_INSTALL_PREFIX=/home/ori/biaoding_in_out/ros2_bag_exporter/install/ros2_bag_exporter
[3.347s] DEBUG:colcon.colcon_core.event_handler.log_command:Invoked command in '/home/ori/biaoding_in_out/ros2_bag_exporter/build/ros2_bag_exporter' returned '0': CMAKE_PREFIX_PATH=${CMAKE_PREFIX_PATH}:/opt/ros/humble /usr/bin/cmake /home/ori/biaoding_in_out/ros2_bag_exporter -DAMENT_CMAKE_SYMLINK_INSTALL=1 -DCMAKE_INSTALL_PREFIX=/home/ori/biaoding_in_out/ros2_bag_exporter/install/ros2_bag_exporter
[3.348s] DEBUG:colcon.colcon_core.event_handler.log_command:Invoking command in '/home/ori/biaoding_in_out/ros2_bag_exporter/build/ros2_bag_exporter': CMAKE_PREFIX_PATH=${CMAKE_PREFIX_PATH}:/opt/ros/humble /usr/bin/cmake --build /home/ori/biaoding_in_out/ros2_bag_exporter/build/ros2_bag_exporter -- -j20 -l20
[9.280s] DEBUG:colcon.colcon_core.event_handler.log_command:Invoked command in '/home/ori/biaoding_in_out/ros2_bag_exporter/build/ros2_bag_exporter' returned '0': CMAKE_PREFIX_PATH=${CMAKE_PREFIX_PATH}:/opt/ros/humble /usr/bin/cmake --build /home/ori/biaoding_in_out/ros2_bag_exporter/build/ros2_bag_exporter -- -j20 -l20
[9.287s] DEBUG:colcon.colcon_core.event_handler.log_command:Invoking command in '/home/ori/biaoding_in_out/ros2_bag_exporter/build/ros2_bag_exporter': CMAKE_PREFIX_PATH=${CMAKE_PREFIX_PATH}:/opt/ros/humble /usr/bin/cmake --install /home/ori/biaoding_in_out/ros2_bag_exporter/build/ros2_bag_exporter
[9.538s] Level 1:colcon.colcon_core.environment:create_environment_scripts_only(ros2_bag_exporter)
[9.539s] DEBUG:colcon.colcon_core.event_handler.log_command:Invoked command in '/home/ori/biaoding_in_out/ros2_bag_exporter/build/ros2_bag_exporter' returned '0': CMAKE_PREFIX_PATH=${CMAKE_PREFIX_PATH}:/opt/ros/humble /usr/bin/cmake --install /home/ori/biaoding_in_out/ros2_bag_exporter/build/ros2_bag_exporter
[9.542s] Level 1:colcon.colcon_core.environment:checking '/home/ori/biaoding_in_out/ros2_bag_exporter/install/ros2_bag_exporter' for CMake module files
[9.543s] Level 1:colcon.colcon_core.environment:checking '/home/ori/biaoding_in_out/ros2_bag_exporter/install/ros2_bag_exporter' for CMake config files
[9.543s] Level 1:colcon.colcon_core.shell:create_environment_hook('ros2_bag_exporter', 'cmake_prefix_path')
[9.543s] INFO:colcon.colcon_core.shell:Creating environment hook '/home/ori/biaoding_in_out/ros2_bag_exporter/install/ros2_bag_exporter/share/ros2_bag_exporter/hook/cmake_prefix_path.ps1'
[9.544s] INFO:colcon.colcon_core.shell:Creating environment descriptor '/home/ori/biaoding_in_out/ros2_bag_exporter/install/ros2_bag_exporter/share/ros2_bag_exporter/hook/cmake_prefix_path.dsv'
[9.545s] INFO:colcon.colcon_core.shell:Creating environment hook '/home/ori/biaoding_in_out/ros2_bag_exporter/install/ros2_bag_exporter/share/ros2_bag_exporter/hook/cmake_prefix_path.sh'
[9.546s] Level 1:colcon.colcon_core.environment:checking '/home/ori/biaoding_in_out/ros2_bag_exporter/install/ros2_bag_exporter/lib'
[9.546s] Level 1:colcon.colcon_core.environment:checking '/home/ori/biaoding_in_out/ros2_bag_exporter/install/ros2_bag_exporter/bin'
[9.546s] Level 1:colcon.colcon_core.environment:checking '/home/ori/biaoding_in_out/ros2_bag_exporter/install/ros2_bag_exporter/lib/pkgconfig/ros2_bag_exporter.pc'
[9.547s] Level 1:colcon.colcon_core.environment:checking '/home/ori/biaoding_in_out/ros2_bag_exporter/install/ros2_bag_exporter/lib/python3.10/site-packages'
[9.547s] Level 1:colcon.colcon_core.environment:checking '/home/ori/biaoding_in_out/ros2_bag_exporter/install/ros2_bag_exporter/bin'
[9.547s] INFO:colcon.colcon_core.shell:Creating package script '/home/ori/biaoding_in_out/ros2_bag_exporter/install/ros2_bag_exporter/share/ros2_bag_exporter/package.ps1'
[9.548s] INFO:colcon.colcon_core.shell:Creating package descriptor '/home/ori/biaoding_in_out/ros2_bag_exporter/install/ros2_bag_exporter/share/ros2_bag_exporter/package.dsv'
[9.548s] INFO:colcon.colcon_core.shell:Creating package script '/home/ori/biaoding_in_out/ros2_bag_exporter/install/ros2_bag_exporter/share/ros2_bag_exporter/package.sh'
[9.548s] INFO:colcon.colcon_core.shell:Creating package script '/home/ori/biaoding_in_out/ros2_bag_exporter/install/ros2_bag_exporter/share/ros2_bag_exporter/package.bash'
[9.549s] INFO:colcon.colcon_core.shell:Creating package script '/home/ori/biaoding_in_out/ros2_bag_exporter/install/ros2_bag_exporter/share/ros2_bag_exporter/package.zsh'
[9.549s] Level 1:colcon.colcon_core.environment:create_file_with_runtime_dependencies(/home/ori/biaoding_in_out/ros2_bag_exporter/install/ros2_bag_exporter/share/colcon-core/packages/ros2_bag_exporter)
[9.550s] Level 1:colcon.colcon_core.environment:create_environment_scripts_only(ros2_bag_exporter)
[9.550s] Level 1:colcon.colcon_core.environment:checking '/home/ori/biaoding_in_out/ros2_bag_exporter/install/ros2_bag_exporter' for CMake module files
[9.550s] Level 1:colcon.colcon_core.environment:checking '/home/ori/biaoding_in_out/ros2_bag_exporter/install/ros2_bag_exporter' for CMake config files
[9.551s] Level 1:colcon.colcon_core.shell:create_environment_hook('ros2_bag_exporter', 'cmake_prefix_path')
[9.551s] INFO:colcon.colcon_core.shell:Creating environment hook '/home/ori/biaoding_in_out/ros2_bag_exporter/install/ros2_bag_exporter/share/ros2_bag_exporter/hook/cmake_prefix_path.ps1'
[9.551s] INFO:colcon.colcon_core.shell:Creating environment descriptor '/home/ori/biaoding_in_out/ros2_bag_exporter/install/ros2_bag_exporter/share/ros2_bag_exporter/hook/cmake_prefix_path.dsv'
[9.552s] INFO:colcon.colcon_core.shell:Creating environment hook '/home/ori/biaoding_in_out/ros2_bag_exporter/install/ros2_bag_exporter/share/ros2_bag_exporter/hook/cmake_prefix_path.sh'
[9.552s] Level 1:colcon.colcon_core.environment:checking '/home/ori/biaoding_in_out/ros2_bag_exporter/install/ros2_bag_exporter/lib'
[9.552s] Level 1:colcon.colcon_core.environment:checking '/home/ori/biaoding_in_out/ros2_bag_exporter/install/ros2_bag_exporter/bin'
[9.552s] Level 1:colcon.colcon_core.environment:checking '/home/ori/biaoding_in_out/ros2_bag_exporter/install/ros2_bag_exporter/lib/pkgconfig/ros2_bag_exporter.pc'
[9.552s] Level 1:colcon.colcon_core.environment:checking '/home/ori/biaoding_in_out/ros2_bag_exporter/install/ros2_bag_exporter/lib/python3.10/site-packages'
[9.553s] Level 1:colcon.colcon_core.environment:checking '/home/ori/biaoding_in_out/ros2_bag_exporter/install/ros2_bag_exporter/bin'
[9.553s] INFO:colcon.colcon_core.shell:Creating package script '/home/ori/biaoding_in_out/ros2_bag_exporter/install/ros2_bag_exporter/share/ros2_bag_exporter/package.ps1'
[9.553s] INFO:colcon.colcon_core.shell:Creating package descriptor '/home/ori/biaoding_in_out/ros2_bag_exporter/install/ros2_bag_exporter/share/ros2_bag_exporter/package.dsv'
[9.554s] INFO:colcon.colcon_core.shell:Creating package script '/home/ori/biaoding_in_out/ros2_bag_exporter/install/ros2_bag_exporter/share/ros2_bag_exporter/package.sh'
[9.554s] INFO:colcon.colcon_core.shell:Creating package script '/home/ori/biaoding_in_out/ros2_bag_exporter/install/ros2_bag_exporter/share/ros2_bag_exporter/package.bash'
[9.554s] INFO:colcon.colcon_core.shell:Creating package script '/home/ori/biaoding_in_out/ros2_bag_exporter/install/ros2_bag_exporter/share/ros2_bag_exporter/package.zsh'
[9.555s] Level 1:colcon.colcon_core.environment:create_file_with_runtime_dependencies(/home/ori/biaoding_in_out/ros2_bag_exporter/install/ros2_bag_exporter/share/colcon-core/packages/ros2_bag_exporter)
[9.555s] DEBUG:colcon.colcon_parallel_executor.executor.parallel:closing loop
[9.555s] DEBUG:colcon.colcon_parallel_executor.executor.parallel:loop closed
[9.555s] DEBUG:colcon.colcon_parallel_executor.executor.parallel:run_until_complete finished with '0'
[9.555s] DEBUG:colcon.colcon_core.event_reactor:joining thread
[9.560s] INFO:colcon.colcon_core.plugin_system:Skipping extension 'colcon_notification.desktop_notification.terminal_notifier': Not used on non-Darwin systems
[9.560s] INFO:colcon.colcon_core.plugin_system:Skipping extension 'colcon_notification.desktop_notification.win32': Not used on non-Windows systems
[9.560s] INFO:colcon.colcon_notification.desktop_notification:Sending desktop notification using 'notify2'
[9.573s] DEBUG:colcon.colcon_core.event_reactor:joined thread
[9.573s] INFO:colcon.colcon_core.shell:Creating prefix script '/home/ori/biaoding_in_out/ros2_bag_exporter/install/local_setup.ps1'
[9.574s] INFO:colcon.colcon_core.shell:Creating prefix util module '/home/ori/biaoding_in_out/ros2_bag_exporter/install/_local_setup_util_ps1.py'
[9.575s] INFO:colcon.colcon_core.shell:Creating prefix chain script '/home/ori/biaoding_in_out/ros2_bag_exporter/install/setup.ps1'
[9.576s] INFO:colcon.colcon_core.shell:Creating prefix script '/home/ori/biaoding_in_out/ros2_bag_exporter/install/local_setup.sh'
[9.576s] INFO:colcon.colcon_core.shell:Creating prefix util module '/home/ori/biaoding_in_out/ros2_bag_exporter/install/_local_setup_util_sh.py'
[9.577s] INFO:colcon.colcon_core.shell:Creating prefix chain script '/home/ori/biaoding_in_out/ros2_bag_exporter/install/setup.sh'
[9.577s] INFO:colcon.colcon_core.shell:Creating prefix script '/home/ori/biaoding_in_out/ros2_bag_exporter/install/local_setup.bash'
[9.578s] INFO:colcon.colcon_core.shell:Creating prefix chain script '/home/ori/biaoding_in_out/ros2_bag_exporter/install/setup.bash'
[9.578s] INFO:colcon.colcon_core.shell:Creating prefix script '/home/ori/biaoding_in_out/ros2_bag_exporter/install/local_setup.zsh'
[9.579s] INFO:colcon.colcon_core.shell:Creating prefix chain script '/home/ori/biaoding_in_out/ros2_bag_exporter/install/setup.zsh'
