[0.007s] Invoking command in '/home/ori/biaoding_in_out/ros2_bag_exporter/build/ros2_bag_exporter': CMAKE_PREFIX_PATH=${CMAKE_PREFIX_PATH}:/opt/ros/humble /usr/bin/cmake --build /home/ori/biaoding_in_out/ros2_bag_exporter/build/ros2_bag_exporter -- -j20 -l20
[0.072s] [100%] Built target bag_exporter
[0.085s] Invoked command in '/home/ori/biaoding_in_out/ros2_bag_exporter/build/ros2_bag_exporter' returned '0': CMAKE_PREFIX_PATH=${CMAKE_PREFIX_PATH}:/opt/ros/humble /usr/bin/cmake --build /home/ori/biaoding_in_out/ros2_bag_exporter/build/ros2_bag_exporter -- -j20 -l20
[0.095s] Invoking command in '/home/ori/biaoding_in_out/ros2_bag_exporter/build/ros2_bag_exporter': CMAKE_PREFIX_PATH=${CMAKE_PREFIX_PATH}:/opt/ros/humble /usr/bin/cmake --install /home/ori/biaoding_in_out/ros2_bag_exporter/build/ros2_bag_exporter
[0.104s] -- Install configuration: ""
[0.105s] -- Execute custom install script
[0.105s] -- Up-to-date symlink: /home/ori/biaoding_in_out/ros2_bag_exporter/install/ros2_bag_exporter/lib/ros2_bag_exporter/bag_exporter
[0.106s] -- Up-to-date symlink: /home/ori/biaoding_in_out/ros2_bag_exporter/install/ros2_bag_exporter/include//rosbag2_exporter/bag_exporter.hpp
[0.106s] -- Up-to-date symlink: /home/ori/biaoding_in_out/ros2_bag_exporter/install/ros2_bag_exporter/include//rosbag2_exporter/handlers/base_handler.hpp
[0.106s] -- Up-to-date symlink: /home/ori/biaoding_in_out/ros2_bag_exporter/install/ros2_bag_exporter/include//rosbag2_exporter/handlers/compressed_image_handler.hpp
[0.106s] -- Up-to-date symlink: /home/ori/biaoding_in_out/ros2_bag_exporter/install/ros2_bag_exporter/include//rosbag2_exporter/handlers/depth_image_handler.hpp
[0.106s] -- Up-to-date symlink: /home/ori/biaoding_in_out/ros2_bag_exporter/install/ros2_bag_exporter/include//rosbag2_exporter/handlers/gps_handler.hpp
[0.106s] -- Up-to-date symlink: /home/ori/biaoding_in_out/ros2_bag_exporter/install/ros2_bag_exporter/include//rosbag2_exporter/handlers/image_handler.hpp
[0.106s] -- Up-to-date symlink: /home/ori/biaoding_in_out/ros2_bag_exporter/install/ros2_bag_exporter/include//rosbag2_exporter/handlers/imu_handler.hpp
[0.106s] -- Up-to-date symlink: /home/ori/biaoding_in_out/ros2_bag_exporter/install/ros2_bag_exporter/include//rosbag2_exporter/handlers/ir_image_handler.hpp
[0.106s] -- Up-to-date symlink: /home/ori/biaoding_in_out/ros2_bag_exporter/install/ros2_bag_exporter/include//rosbag2_exporter/handlers/laser_scan_handler.hpp
[0.107s] -- Up-to-date symlink: /home/ori/biaoding_in_out/ros2_bag_exporter/install/ros2_bag_exporter/include//rosbag2_exporter/handlers/odometry_handler.hpp
[0.107s] -- Up-to-date symlink: /home/ori/biaoding_in_out/ros2_bag_exporter/install/ros2_bag_exporter/include//rosbag2_exporter/handlers/path_handler.hpp
[0.107s] -- Up-to-date symlink: /home/ori/biaoding_in_out/ros2_bag_exporter/install/ros2_bag_exporter/include//rosbag2_exporter/handlers/pointcloud_handler.hpp
[0.107s] -- Up-to-date symlink: /home/ori/biaoding_in_out/ros2_bag_exporter/install/ros2_bag_exporter/share/ros2_bag_exporter//exporter_config.yaml
[0.107s] -- Up-to-date symlink: /home/ori/biaoding_in_out/ros2_bag_exporter/install/ros2_bag_exporter/share/ament_index/resource_index/package_run_dependencies/ros2_bag_exporter
[0.108s] -- Up-to-date symlink: /home/ori/biaoding_in_out/ros2_bag_exporter/install/ros2_bag_exporter/share/ament_index/resource_index/parent_prefix_path/ros2_bag_exporter
[0.108s] -- Up-to-date symlink: /home/ori/biaoding_in_out/ros2_bag_exporter/install/ros2_bag_exporter/share/ros2_bag_exporter/environment/ament_prefix_path.sh
[0.108s] -- Up-to-date symlink: /home/ori/biaoding_in_out/ros2_bag_exporter/install/ros2_bag_exporter/share/ros2_bag_exporter/environment/ament_prefix_path.dsv
[0.108s] -- Up-to-date symlink: /home/ori/biaoding_in_out/ros2_bag_exporter/install/ros2_bag_exporter/share/ros2_bag_exporter/environment/path.sh
[0.108s] -- Up-to-date symlink: /home/ori/biaoding_in_out/ros2_bag_exporter/install/ros2_bag_exporter/share/ros2_bag_exporter/environment/path.dsv
[0.108s] -- Up-to-date symlink: /home/ori/biaoding_in_out/ros2_bag_exporter/install/ros2_bag_exporter/share/ros2_bag_exporter/local_setup.bash
[0.108s] -- Up-to-date symlink: /home/ori/biaoding_in_out/ros2_bag_exporter/install/ros2_bag_exporter/share/ros2_bag_exporter/local_setup.sh
[0.109s] -- Up-to-date symlink: /home/ori/biaoding_in_out/ros2_bag_exporter/install/ros2_bag_exporter/share/ros2_bag_exporter/local_setup.zsh
[0.109s] -- Up-to-date symlink: /home/ori/biaoding_in_out/ros2_bag_exporter/install/ros2_bag_exporter/share/ros2_bag_exporter/local_setup.dsv
[0.109s] -- Symlinking: /home/ori/biaoding_in_out/ros2_bag_exporter/install/ros2_bag_exporter/share/ros2_bag_exporter/package.dsv
[0.114s] -- Up-to-date symlink: /home/ori/biaoding_in_out/ros2_bag_exporter/install/ros2_bag_exporter/share/ament_index/resource_index/packages/ros2_bag_exporter
[0.115s] -- Up-to-date symlink: /home/ori/biaoding_in_out/ros2_bag_exporter/install/ros2_bag_exporter/share/ros2_bag_exporter/cmake/ros2_bag_exporterConfig.cmake
[0.115s] -- Up-to-date symlink: /home/ori/biaoding_in_out/ros2_bag_exporter/install/ros2_bag_exporter/share/ros2_bag_exporter/cmake/ros2_bag_exporterConfig-version.cmake
[0.115s] -- Up-to-date symlink: /home/ori/biaoding_in_out/ros2_bag_exporter/install/ros2_bag_exporter/share/ros2_bag_exporter/package.xml
[0.116s] Invoked command in '/home/ori/biaoding_in_out/ros2_bag_exporter/build/ros2_bag_exporter' returned '0': CMAKE_PREFIX_PATH=${CMAKE_PREFIX_PATH}:/opt/ros/humble /usr/bin/cmake --install /home/ori/biaoding_in_out/ros2_bag_exporter/build/ros2_bag_exporter
